[www.sixline.com/index.html]
[backblue.gif]
[fade.gif]
[index.html]
[maxcdn.bootstrapcdn.com/bootstrap/3.3.7/css/bootstrap.min.css]
[ajax.googleapis.com/ajax/libs/jquery/1.12.4/jquery.min.js]
[maxcdn.bootstrapcdn.com/bootstrap/3.3.7/js/bootstrap.min.js]
[pagead2.googlesyndication.com/pagead/js/f.txt]
[stackpath.bootstrapcdn.com/font-awesome/4.7.0/css/font-awesome.min.css]
[www.sixline.com/paper.gif]
[www.sixline.com/image/logo.png]
[www.sixline.com/preview_tip.html]
[www.sixline.com/graph_tip.html]
[www.sixline.com/vip_payment.html]
[www.sixline.com/services.html]
[www.sixline.com/general/index.html]
[www.sixline.com/contact_me.html]
[www.sixline.com/sign_up.html]
[www.sixline.com/login.html]
[www.sixline.com/image/qr_sixline.png]
[www.sixline.com/image_content/pdf_general-0.png]
[www.sixline.com/pdf/resouce_image/special2304236H4Klf530xUODCFcpaC.png]
[www.sixline.com/image_content/image2mysql/tip/x_cross.png]
[www.sixline.com/vip_formula.html]
[www.sixline.com/pdf/resouce_image/sasima240823yl9IqsbWaOmD3gFSX5o.png]
[www.sixline.com/vip_mag.html]
[www.sixline.com/pdf/resouce_image/zzzxxxyyy.png]
[www.sixline.com/vip_line.html]
[www.phuketnight.net/image/logo1.png]
[www.sixline.com/pw_reset.html]
[www.sixline.com/cdn-cgi/l/email-protection.html]
[www.sixline.com/index.html]
[maxcdn.bootstrapcdn.com/bootstrap/3.3.7/css/bootstrap.min.css]
[stackpath.bootstrapcdn.com/font-awesome/4.7.0/css/font-awesome.min.css]
[www.sixline.com/paper.html]
[www.sixline.com/cdn-cgi/scripts/5c5dd728/cloudflare-static/email-decode.min.js]
[www.sixline.com/general/paper.gif]
[www.sixline.com/general/image/subscrib_botton1.png]
[www.sixline.com/general/index.html]
[www.sixline.com/image/image13.gif]
[www.sixline.com/image_content/pdf_general-1.png]
[www.sixline.com/image_content/pdf_general-2.png]
[www.sixline.com/image_content/pdf_final.png]
[www.sixline.com/preview_tip.html]
[www.sixline.com/image_content/zzzxxxyyy.png]
[www.sixline.com/GET]
[www.sixline.com/graph_tip.html]
[www.sixline.com/vip_payment.html]
[www.sixline.com/getuserb2e6.html]
[www.sixline.com/m/deposit_member_btc.html]
[www.phuketnight.net/image/btc_acc.png]
[www.sixline.com/m/deposit_member_eth.html]
[www.phuketnight.net/image/eth_acc.jpg]
[www.sixline.com/image/world_money.png]
[www.sixline.com/services.html]
[www.sixline.com/contact_me.html]
[www.sixline.com/sign_up.html]
[www.sixline.com/login.html]
[www.sixline.com/image_content/result2408166ZuWo3XTIa1LHp4O9RS.html]
[www.sixline.com/vip_formula.html]
[www.sixline.com/vip_mag.html]
[www.sixline.com/vip_line.html]
[www.sixline.com/general/index-2.html]
[www.sixline.com/js/bootstrap.min.js]
[www.sixline.com/pw_reset.html]
[www.sixline.com/cdn-cgi/l/email-protection.html]
[www.sixline.com/general/paper.html]
[www.sixline.com/GET.html]
[www.sixline.com/getuserb2e6.html]
[www.sixline.com/js/sidebar_menu.js]
[www.sixline.com/m/paper.gif]
[www.sixline.com/m/deposit_member_btc.html]
[www.sixline.com/m/deposit_member_eth.html]
[www.sixline.com/general/index-2.html]
[www.sixline.com/Popover requires tooltip.js]
[www.sixline.com/js/bootstrap.min.js]
[www.sixline.com/js/sidebar_menu.js]
[www.sixline.com/m/paper.html]
[www.sixline.com/Popover requires tooltip.html]
